*** Using Compiler 'V6.12', folder: 'C:\Users\fan\Desktop\Keil5_MDK\ARM\ARMCLANG\Bin'
Build target 'NEW-INFANTRY-A'
assembling startup_stm32f427xx.s...
compiling tim.c...
compiling stm32f4xx_hal_msp.c...
compiling stm32f4xx_hal_rcc.c...
compiling stm32f4xx_hal_flash_ramfunc.c...
compiling stm32f4xx_it.c...
compiling stm32f4xx_hal_dma_ex.c...
compiling stm32f4xx_hal_gpio.c...
compiling usart.c...
compiling main.c...
compiling can.c...
compiling gpio.c...
compiling stm32f4xx_hal_flash.c...
compiling stm32f4xx_hal_rcc_ex.c...
compiling stm32f4xx_hal_flash_ex.c...
compiling stm32f4xx_hal_can.c...
compiling stm32f4xx_hal_dma.c...
compiling stm32f4xx_hal_pwr.c...
compiling stm32f4xx_hal_pwr_ex.c...
compiling stm32f4xx_hal.c...
compiling stm32f4xx_hal_cortex.c...
compiling bsp_buzzer.c...
compiling motor.c...
compiling stm32f4xx_hal_exti.c...
compiling bsp_uart.c...
compiling system_stm32f4xx.c...
compiling bsp_can.c...
compiling remote.c...
compiling stm32f4xx_hal_tim_ex.c...
compiling stm32f4xx_hal_uart.c...
compiling stm32f4xx_hal_tim.c...
linking...
Program Size: Code=17516 RO-data=1096 RW-data=12 ZI-data=2156  
FromELF: creating hex file...
"NEW-INFANTRY-A\NEW-INFANTRY-A.axf" - 0 Error(s), 0 Warning(s).
Build Time Elapsed:  00:00:03
